current directory: /Users/pk/App/BHT-EMR-API/vendor/bundle/ruby/3.2.0/gems/bson-5.1.1/ext/bson
/Users/pk/.rvm/rubies/ruby-3.2.0/bin/ruby -I /Users/pk/.rvm/rubies/ruby-3.2.0/lib/ruby/3.2.0 extconf.rb
checking for whether -Wall is accepted as CFLAGS... yes
checking for whether -g is accepted as CFLAGS... yes
checking for whether -std=c99 is accepted as CFLAGS... yes
creating Makefile

current directory: /Users/pk/App/BHT-EMR-API/vendor/bundle/ruby/3.2.0/gems/bson-5.1.1/ext/bson
make DESTDIR\= sitearchdir\=./.gem.20251018-71038-bpuanv sitelibdir\=./.gem.20251018-71038-bpuanv clean

current directory: /Users/pk/App/BHT-EMR-API/vendor/bundle/ruby/3.2.0/gems/bson-5.1.1/ext/bson
make DESTDIR\= sitearchdir\=./.gem.20251018-71038-bpuanv sitelibdir\=./.gem.20251018-71038-bpuanv
compiling bytebuf.c
bytebuf.c:90:19: warning: implicit conversion loses integer precision: 'size_t' (aka 'unsigned long') to 'unsigned int' [-Wshorten-64-to-32]
  return UINT2NUM(READ_SIZE(b));
         ~~~~~~~~ ^~~~~~~~~~~~
./bson-native.h:59:36: note: expanded from macro 'READ_SIZE'
  (byte_buffer_ptr->write_position - byte_buffer_ptr->read_position)
   ~~~~~~~~~~~~~~~~~~~~~~~~~~~~~~~~^~~~~~~~~~~~~~~~~~~~~~~~~~~~~~~~
bytebuf.c:98:21: warning: implicit conversion loses integer precision: 'size_t' (aka 'unsigned long') to 'int' [-Wshorten-64-to-32]
  return INT2NUM(b->read_position);
         ~~~~~~~ ~~~^~~~~~~~~~~~~
bytebuf.c:116:21: warning: implicit conversion loses integer precision: 'size_t' (aka 'unsigned long') to 'int' [-Wshorten-64-to-32]
  return INT2NUM(b->write_position);
         ~~~~~~~ ~~~^~~~~~~~~~~~~~
3 warnings generated.
compiling endian.c
compiling init.c
compiling libbson-utf8.c
compiling read.c
read.c:34:49: warning: function 'pvt_raise_decode_error' could be declared with attribute 'noreturn' [-Wmissing-noreturn]
void pvt_raise_decode_error(volatile VALUE msg) {
                                                ^
read.c:137:27: warning: implicit conversion loses integer precision: 'long' to 'uint32_t' (aka 'unsigned int') [-Wshorten-64-to-32]
  const uint32_t length = FIX2LONG(i);
                 ~~~~~~   ^~~~~~~~~~~
/Users/pk/.rvm/rubies/ruby-3.2.0/include/ruby-3.2.0/ruby/internal/arithmetic/long.h:46:22: note: expanded from macro 'FIX2LONG'
#define FIX2LONG     RB_FIX2LONG          /**< @old{RB_FIX2LONG} */
                     ^
/Users/pk/.rvm/rubies/ruby-3.2.0/include/ruby-3.2.0/ruby/internal/arithmetic/long.h:53:22: note: expanded from macro 'RB_FIX2LONG'
#define RB_FIX2LONG  rb_fix2long          /**< @alias{rb_fix2long} */
                     ^
2 warnings generated.
compiling util.c
compiling write.c
write.c:224:14: warning: implicit conversion loses integer precision: 'long' to 'int32_t' (aka 'int') [-Wshorten-64-to-32]
    length = RSTRING_LEN(utf8_string);
           ~ ^~~~~~~~~~~~~~~~~~~~~~~~
/Users/pk/.rvm/rubies/ruby-3.2.0/include/ruby-3.2.0/ruby/internal/core/rstring.h:52:27: note: expanded from macro 'RSTRING_LEN'
#define RSTRING_LEN       RSTRING_LEN
                          ^
write.c:247:12: warning: implicit conversion loses integer precision: 'long' to 'int32_t' (aka 'int') [-Wshorten-64-to-32]
  length = RSTRING_LEN(utf8_string);
         ~ ^~~~~~~~~~~~~~~~~~~~~~~~
/Users/pk/.rvm/rubies/ruby-3.2.0/include/ruby-3.2.0/ruby/internal/core/rstring.h:52:27: note: expanded from macro 'RSTRING_LEN'
#define RSTRING_LEN       RSTRING_LEN
                          ^
write.c:291:12: warning: implicit conversion loses integer precision: 'long' to 'int32_t' (aka 'int') [-Wshorten-64-to-32]
  length = RSTRING_LEN(string);
         ~ ^~~~~~~~~~~~~~~~~~~
/Users/pk/.rvm/rubies/ruby-3.2.0/include/ruby-3.2.0/ruby/internal/core/rstring.h:52:27: note: expanded from macro 'RSTRING_LEN'
#define RSTRING_LEN       RSTRING_LEN
                          ^
write.c:320:26: warning: implicit conversion loses integer precision: 'long' to 'int32_t' (aka 'int') [-Wshorten-64-to-32]
  const int32_t length = RSTRING_LEN(symbol_str);
                ~~~~~~   ^~~~~~~~~~~~~~~~~~~~~~~
/Users/pk/.rvm/rubies/ruby-3.2.0/include/ruby-3.2.0/ruby/internal/core/rstring.h:52:27: note: expanded from macro 'RSTRING_LEN'
#define RSTRING_LEN       RSTRING_LEN
                          ^
write.c:333:29: warning: implicit conversion loses integer precision: 'size_t' (aka 'unsigned long') to 'int32_t' (aka 'int') [-Wshorten-64-to-32]
  pvt_put_cstring(b, c_str, length, "Key");
  ~~~~~~~~~~~~~~~           ^~~~~~
write.c:363:35: warning: implicit conversion loses integer precision: 'long' to 'int32_t' (aka 'int') [-Wshorten-64-to-32]
  pvt_replace_int32(b, _position, NUM2LONG(newval));
  ~~~~~~~~~~~~~~~~~               ^~~~~~~~~~~~~~~~
/Users/pk/.rvm/rubies/ruby-3.2.0/include/ruby-3.2.0/ruby/internal/arithmetic/long.h:51:22: note: expanded from macro 'NUM2LONG'
#define NUM2LONG     RB_NUM2LONG          /**< @old{RB_NUM2LONG} */
                     ^
/Users/pk/.rvm/rubies/ruby-3.2.0/include/ruby-3.2.0/ruby/internal/arithmetic/long.h:57:22: note: expanded from macro 'RB_NUM2LONG'
#define RB_NUM2LONG  rb_num2long_inline   /**< @alias{rb_num2long_inline} */
                     ^
write.c:363:24: warning: implicit conversion loses integer precision: 'long' to 'int32_t' (aka 'int') [-Wshorten-64-to-32]
  pvt_replace_int32(b, _position, NUM2LONG(newval));
  ~~~~~~~~~~~~~~~~~    ^~~~~~~~~
write.c:522:29: warning: implicit conversion loses integer precision: 'size_t' (aka 'unsigned long') to 'int32_t' (aka 'int') [-Wshorten-64-to-32]
  new_length = new_position - position;
             ~ ~~~~~~~~~~~~~^~~~~~~~~~
write.c:523:24: warning: implicit conversion loses integer precision: 'size_t' (aka 'unsigned long') to 'int32_t' (aka 'int') [-Wshorten-64-to-32]
  pvt_replace_int32(b, position, new_length);
  ~~~~~~~~~~~~~~~~~    ^~~~~~~~
write.c:671:29: warning: implicit conversion loses integer precision: 'size_t' (aka 'unsigned long') to 'int32_t' (aka 'int') [-Wshorten-64-to-32]
  new_length = new_position - position;
             ~ ~~~~~~~~~~~~~^~~~~~~~~~
write.c:672:24: warning: implicit conversion loses integer precision: 'size_t' (aka 'unsigned long') to 'int32_t' (aka 'int') [-Wshorten-64-to-32]
  pvt_replace_int32(b, position, new_length);
  ~~~~~~~~~~~~~~~~~    ^~~~~~~~
11 warnings generated.
linking shared-object bson_native.bundle
ld: warning: ignoring duplicate libraries: '-lruby.3.2'

current directory: /Users/pk/App/BHT-EMR-API/vendor/bundle/ruby/3.2.0/gems/bson-5.1.1/ext/bson
make DESTDIR\= sitearchdir\=./.gem.20251018-71038-bpuanv sitelibdir\=./.gem.20251018-71038-bpuanv install
/opt/homebrew/opt/coreutils/bin/ginstall -c -m 0755 bson_native.bundle ./.gem.20251018-71038-bpuanv

current directory: /Users/pk/App/BHT-EMR-API/vendor/bundle/ruby/3.2.0/gems/bson-5.1.1/ext/bson
make DESTDIR\= sitearchdir\=./.gem.20251018-71038-bpuanv sitelibdir\=./.gem.20251018-71038-bpuanv clean
