block in append_cflags: checking for whether -Wall is accepted as CFLAGS... -------------------- yes

DYLD_FALLBACK_LIBRARY_PATH=.:/Users/pk/.rvm/rubies/ruby-3.2.0/lib "gcc -o conftest -I/Users/pk/.rvm/rubies/ruby-3.2.0/include/ruby-3.2.0/arm64-darwin23 -I/Users/pk/.rvm/rubies/ruby-3.2.0/include/ruby-3.2.0/ruby/backward -I/Users/pk/.rvm/rubies/ruby-3.2.0/include/ruby-3.2.0 -I. -D_XOPEN_SOURCE -D_DARWIN_C_SOURCE -D_DARWIN_UNLIMITED_SELECT -D_REENTRANT   -O3 -I/opt/homebrew/opt/libyaml/include -I/opt/homebrew/opt/libksba/include -I/opt/homebrew/opt/readline/include -I/opt/homebrew/opt/zlib/include -I/opt/homebrew/opt/openssl@1.1/include -fdeclspec -O3 -fno-fast-math -ggdb3 -Wall -Wextra -Wextra-tokens -Wdeprecated-declarations -Wdivision-by-zero -Wdiv-by-zero -Wimplicit-function-declaration -Wimplicit-int -Wmisleading-indentation -Wpointer-arith -Wshorten-64-to-32 -Wwrite-strings -Wold-style-definition -Wmissing-noreturn -Wno-cast-function-type -Wno-constant-logical-operand -Wno-long-long -Wno-missing-field-initializers -Wno-overlength-strings -Wno-parentheses-equality -Wno-self-assign -Wno-tautological-compare -Wno-unused-parameter -Wno-unused-value -Wunused-variable -Wundef -fno-common -pipe conftest.c  -L. -L/Users/pk/.rvm/rubies/ruby-3.2.0/lib -L. -L/opt/homebrew/opt/libyaml/lib -L/opt/homebrew/opt/libksba/lib -L/opt/homebrew/opt/readline/lib -L/opt/homebrew/opt/zlib/lib -L/opt/homebrew/opt/openssl@1.1/lib -fstack-protector-strong     -lruby.3.2  -lpthread  "
checked program was:
/* begin */
1: #include "ruby.h"
2: 
3: int main(int argc, char **argv)
4: {
5:   return !!argv[argc];
6: }
/* end */

DYLD_FALLBACK_LIBRARY_PATH=.:/Users/pk/.rvm/rubies/ruby-3.2.0/lib "gcc -I/Users/pk/.rvm/rubies/ruby-3.2.0/include/ruby-3.2.0/arm64-darwin23 -I/Users/pk/.rvm/rubies/ruby-3.2.0/include/ruby-3.2.0/ruby/backward -I/Users/pk/.rvm/rubies/ruby-3.2.0/include/ruby-3.2.0 -I. -D_XOPEN_SOURCE -D_DARWIN_C_SOURCE -D_DARWIN_UNLIMITED_SELECT -D_REENTRANT   -O3 -I/opt/homebrew/opt/libyaml/include -I/opt/homebrew/opt/libksba/include -I/opt/homebrew/opt/readline/include -I/opt/homebrew/opt/zlib/include -I/opt/homebrew/opt/openssl@1.1/include -fdeclspec -O3 -fno-fast-math -ggdb3 -Wall -Wextra -Wextra-tokens -Wdeprecated-declarations -Wdivision-by-zero -Wdiv-by-zero -Wimplicit-function-declaration -Wimplicit-int -Wmisleading-indentation -Wpointer-arith -Wshorten-64-to-32 -Wwrite-strings -Wold-style-definition -Wmissing-noreturn -Wno-cast-function-type -Wno-constant-logical-operand -Wno-long-long -Wno-missing-field-initializers -Wno-overlength-strings -Wno-parentheses-equality -Wno-self-assign -Wno-tautological-compare -Wno-unused-parameter -Wno-unused-value -Wunused-variable -Wundef -fno-common -pipe  -Wall -Werror -c conftest.c"
checked program was:
/* begin */
1: #include "ruby.h"
2: 
3: int main(int argc, char **argv)
4: {
5:   return !!argv[argc];
6: }
/* end */

--------------------

block in append_cflags: checking for whether -g is accepted as CFLAGS... -------------------- yes

DYLD_FALLBACK_LIBRARY_PATH=.:/Users/pk/.rvm/rubies/ruby-3.2.0/lib "gcc -I/Users/pk/.rvm/rubies/ruby-3.2.0/include/ruby-3.2.0/arm64-darwin23 -I/Users/pk/.rvm/rubies/ruby-3.2.0/include/ruby-3.2.0/ruby/backward -I/Users/pk/.rvm/rubies/ruby-3.2.0/include/ruby-3.2.0 -I. -D_XOPEN_SOURCE -D_DARWIN_C_SOURCE -D_DARWIN_UNLIMITED_SELECT -D_REENTRANT   -O3 -I/opt/homebrew/opt/libyaml/include -I/opt/homebrew/opt/libksba/include -I/opt/homebrew/opt/readline/include -I/opt/homebrew/opt/zlib/include -I/opt/homebrew/opt/openssl@1.1/include -fdeclspec -O3 -fno-fast-math -ggdb3 -Wall -Wextra -Wextra-tokens -Wdeprecated-declarations -Wdivision-by-zero -Wdiv-by-zero -Wimplicit-function-declaration -Wimplicit-int -Wmisleading-indentation -Wpointer-arith -Wshorten-64-to-32 -Wwrite-strings -Wold-style-definition -Wmissing-noreturn -Wno-cast-function-type -Wno-constant-logical-operand -Wno-long-long -Wno-missing-field-initializers -Wno-overlength-strings -Wno-parentheses-equality -Wno-self-assign -Wno-tautological-compare -Wno-unused-parameter -Wno-unused-value -Wunused-variable -Wundef -fno-common -pipe -Wall  -g -Werror -c conftest.c"
checked program was:
/* begin */
1: #include "ruby.h"
2: 
3: int main(int argc, char **argv)
4: {
5:   return !!argv[argc];
6: }
/* end */

--------------------

block in append_cflags: checking for whether -std=c99 is accepted as CFLAGS... -------------------- yes

DYLD_FALLBACK_LIBRARY_PATH=.:/Users/pk/.rvm/rubies/ruby-3.2.0/lib "gcc -I/Users/pk/.rvm/rubies/ruby-3.2.0/include/ruby-3.2.0/arm64-darwin23 -I/Users/pk/.rvm/rubies/ruby-3.2.0/include/ruby-3.2.0/ruby/backward -I/Users/pk/.rvm/rubies/ruby-3.2.0/include/ruby-3.2.0 -I. -D_XOPEN_SOURCE -D_DARWIN_C_SOURCE -D_DARWIN_UNLIMITED_SELECT -D_REENTRANT   -O3 -I/opt/homebrew/opt/libyaml/include -I/opt/homebrew/opt/libksba/include -I/opt/homebrew/opt/readline/include -I/opt/homebrew/opt/zlib/include -I/opt/homebrew/opt/openssl@1.1/include -fdeclspec -O3 -fno-fast-math -ggdb3 -Wall -Wextra -Wextra-tokens -Wdeprecated-declarations -Wdivision-by-zero -Wdiv-by-zero -Wimplicit-function-declaration -Wimplicit-int -Wmisleading-indentation -Wpointer-arith -Wshorten-64-to-32 -Wwrite-strings -Wold-style-definition -Wmissing-noreturn -Wno-cast-function-type -Wno-constant-logical-operand -Wno-long-long -Wno-missing-field-initializers -Wno-overlength-strings -Wno-parentheses-equality -Wno-self-assign -Wno-tautological-compare -Wno-unused-parameter -Wno-unused-value -Wunused-variable -Wundef -fno-common -pipe -Wall -g  -std=c99 -Werror -c conftest.c"
checked program was:
/* begin */
1: #include "ruby.h"
2: 
3: int main(int argc, char **argv)
4: {
5:   return !!argv[argc];
6: }
/* end */

--------------------

