current directory: /Users/pk/App/BHT-EMR-API/vendor/bundle/ruby/3.2.0/gems/json-2.15.1/ext/json/ext/parser
/Users/pk/.rvm/rubies/ruby-3.2.0/bin/ruby -I /Users/pk/.rvm/rubies/ruby-3.2.0/lib/ruby/3.2.0 extconf.rb
checking for rb_enc_interned_str() in ruby/encoding.h... yes
checking for rb_hash_new_capa() in ruby.h... yes
checking for rb_hash_bulk_insert() in ruby.h... yes
checking for strnlen() in string.h... yes
checking for whether -std=c99 is accepted as CFLAGS... yes
checking for arm_neon.h... yes
checking for cpuid.h... no
creating Makefile

current directory: /Users/pk/App/BHT-EMR-API/vendor/bundle/ruby/3.2.0/gems/json-2.15.1/ext/json/ext/parser
make DESTDIR\= sitearchdir\=./.gem.20251018-71038-6r4bkh sitelibdir\=./.gem.20251018-71038-6r4bkh clean

current directory: /Users/pk/App/BHT-EMR-API/vendor/bundle/ruby/3.2.0/gems/json-2.15.1/ext/json/ext/parser
make DESTDIR\= sitearchdir\=./.gem.20251018-71038-6r4bkh sitelibdir\=./.gem.20251018-71038-6r4bkh
compiling parser.c
linking shared-object json/ext/parser.bundle
ld: warning: ignoring duplicate libraries: '-lruby.3.2'

current directory: /Users/pk/App/BHT-EMR-API/vendor/bundle/ruby/3.2.0/gems/json-2.15.1/ext/json/ext/parser
make DESTDIR\= sitearchdir\=./.gem.20251018-71038-6r4bkh sitelibdir\=./.gem.20251018-71038-6r4bkh install
/opt/homebrew/opt/coreutils/bin/ginstall -c -m 0755 parser.bundle ./.gem.20251018-71038-6r4bkh/json/ext

current directory: /Users/pk/App/BHT-EMR-API/vendor/bundle/ruby/3.2.0/gems/json-2.15.1/ext/json/ext/parser
make DESTDIR\= sitearchdir\=./.gem.20251018-71038-6r4bkh sitelibdir\=./.gem.20251018-71038-6r4bkh clean
