current directory: /Users/pk/App/BHT-EMR-API/vendor/bundle/ruby/3.2.0/gems/date-3.4.1/ext/date
/Users/pk/.rvm/rubies/ruby-3.2.0/bin/ruby -I /Users/pk/.rvm/rubies/ruby-3.2.0/lib/ruby/3.2.0 extconf.rb
checking for rb_category_warn()... yes
checking for timezone in time.h with  -Werror... yes
checking for altzone in time.h with  -Werror... no
creating Makefile

current directory: /Users/pk/App/BHT-EMR-API/vendor/bundle/ruby/3.2.0/gems/date-3.4.1/ext/date
make DESTDIR\= sitearchdir\=./.gem.20251018-71038-u3nghf sitelibdir\=./.gem.20251018-71038-u3nghf clean

current directory: /Users/pk/App/BHT-EMR-API/vendor/bundle/ruby/3.2.0/gems/date-3.4.1/ext/date
make DESTDIR\= sitearchdir\=./.gem.20251018-71038-u3nghf sitelibdir\=./.gem.20251018-71038-u3nghf
compiling date_core.c
compiling date_parse.c
compiling date_strftime.c
compiling date_strptime.c
linking shared-object date_core.bundle
ld: warning: ignoring duplicate libraries: '-lruby.3.2'

current directory: /Users/pk/App/BHT-EMR-API/vendor/bundle/ruby/3.2.0/gems/date-3.4.1/ext/date
make DESTDIR\= sitearchdir\=./.gem.20251018-71038-u3nghf sitelibdir\=./.gem.20251018-71038-u3nghf install
/opt/homebrew/opt/coreutils/bin/ginstall -c -m 0755 date_core.bundle ./.gem.20251018-71038-u3nghf

current directory: /Users/pk/App/BHT-EMR-API/vendor/bundle/ruby/3.2.0/gems/date-3.4.1/ext/date
make DESTDIR\= sitearchdir\=./.gem.20251018-71038-u3nghf sitelibdir\=./.gem.20251018-71038-u3nghf clean
