current directory: /Users/pk/App/BHT-EMR-API/vendor/bundle/ruby/3.2.0/gems/msgpack-1.8.0/ext/msgpack
/Users/pk/.rvm/rubies/ruby-3.2.0/bin/ruby -I /Users/pk/.rvm/rubies/ruby-3.2.0/lib/ruby/3.2.0 extconf.rb
checking for rb_enc_interned_str() in ruby.h... yes
checking for rb_hash_new_capa() in ruby.h... yes
checking for rb_proc_call_with_block() in ruby.h... yes
checking for rb_gc_mark_locations() in ruby.h... yes
checking for whether -fvisibility=hidden is accepted as CFLAGS... yes
checking for whether -I.. is accepted as CFLAGS... yes
checking for whether -Wall is accepted as CFLAGS... yes
checking for whether -std=gnu99 is accepted as CFLAGS... yes
checking for whether -DHASH_ASET_DEDUPE=1 is accepted as CFLAGS... yes
checking for whether -DSTR_UMINUS_DEDUPE_FROZEN=1 is accepted as CFLAGS... yes
creating Makefile

current directory: /Users/pk/App/BHT-EMR-API/vendor/bundle/ruby/3.2.0/gems/msgpack-1.8.0/ext/msgpack
make DESTDIR\= sitearchdir\=./.gem.20251018-71038-hps6rn sitelibdir\=./.gem.20251018-71038-hps6rn clean

current directory: /Users/pk/App/BHT-EMR-API/vendor/bundle/ruby/3.2.0/gems/msgpack-1.8.0/ext/msgpack
make DESTDIR\= sitearchdir\=./.gem.20251018-71038-hps6rn sitelibdir\=./.gem.20251018-71038-hps6rn
compiling buffer.c
compiling buffer_class.c
compiling extension_value_class.c
compiling factory_class.c
compiling packer.c
compiling packer_class.c
compiling packer_ext_registry.c
compiling rbinit.c
compiling rmem.c
compiling unpacker.c
compiling unpacker_class.c
compiling unpacker_ext_registry.c
linking shared-object msgpack/msgpack.bundle
ld: warning: ignoring duplicate libraries: '-lruby.3.2'

current directory: /Users/pk/App/BHT-EMR-API/vendor/bundle/ruby/3.2.0/gems/msgpack-1.8.0/ext/msgpack
make DESTDIR\= sitearchdir\=./.gem.20251018-71038-hps6rn sitelibdir\=./.gem.20251018-71038-hps6rn install
/opt/homebrew/opt/coreutils/bin/ginstall -c -m 0755 msgpack.bundle ./.gem.20251018-71038-hps6rn/msgpack

current directory: /Users/pk/App/BHT-EMR-API/vendor/bundle/ruby/3.2.0/gems/msgpack-1.8.0/ext/msgpack
make DESTDIR\= sitearchdir\=./.gem.20251018-71038-hps6rn sitelibdir\=./.gem.20251018-71038-hps6rn clean
